21-Sep-2026 10:37:03.196 INFO [main] org.apache.catalina.startup.VersionLoggerListener.log Server version name:   Apache Tomcat/9.0.121
21-Sep-2026 10:37:03.199 INFO [main] org.apache.catalina.startup.VersionLoggerListener.log Server built:          Aug 12 2026 19:38:16 UTC
21-Sep-2026 10:37:03.200 INFO [main] org.apache.catalina.startup.VersionLoggerListener.log Server version number: 9.0.121.0
21-Sep-2026 10:37:03.200 INFO [main] org.apache.catalina.startup.VersionLoggerListener.log OS Name:               Linux
21-Sep-2026 10:37:03.200 INFO [main] org.apache.catalina.startup.VersionLoggerListener.log OS Version:            7.0.0-31-generic
21-Sep-2026 10:37:03.200 INFO [main] org.apache.catalina.startup.VersionLoggerListener.log Architecture:          amd64
21-Sep-2026 10:37:03.200 INFO [main] org.apache.catalina.startup.VersionLoggerListener.log Java Home:             /usr/lib/jvm/java-25-openjdk-amd64
21-Sep-2026 10:37:03.200 INFO [main] org.apache.catalina.startup.VersionLoggerListener.log JVM Version:           25.0.4+7-1-26.04-Ubuntu
21-Sep-2026 10:37:03.200 INFO [main] org.apache.catalina.startup.VersionLoggerListener.log JVM Vendor:            Ubuntu
21-Sep-2026 10:37:03.201 INFO [main] org.apache.catalina.startup.VersionLoggerListener.log CATALINA_BASE:         /home/sahil-sepat/Desktop/adj/apache-tomcat-9.0.121
21-Sep-2026 10:37:03.201 INFO [main] org.apache.catalina.startup.VersionLoggerListener.log CATALINA_HOME:         /home/sahil-sepat/Desktop/adj/apache-tomcat-9.0.121
21-Sep-2026 10:37:03.216 INFO [main] org.apache.catalina.startup.VersionLoggerListener.log Command line argument: --add-opens=java.base/java.lang=ALL-UNNAMED
21-Sep-2026 10:37:03.217 INFO [main] org.apache.catalina.startup.VersionLoggerListener.log Command line argument: --add-opens=java.base/java.lang.invoke=ALL-UNNAMED
21-Sep-2026 10:37:03.217 INFO [main] org.apache.catalina.startup.VersionLoggerListener.log Command line argument: --add-opens=java.base/java.lang.reflect=ALL-UNNAMED
21-Sep-2026 10:37:03.217 INFO [main] org.apache.catalina.startup.VersionLoggerListener.log Command line argument: --add-opens=java.base/java.io=ALL-UNNAMED
21-Sep-2026 10:37:03.217 INFO [main] org.apache.catalina.startup.VersionLoggerListener.log Command line argument: --add-opens=java.base/java.util=ALL-UNNAMED
21-Sep-2026 10:37:03.217 INFO [main] org.apache.catalina.startup.VersionLoggerListener.log Command line argument: --add-opens=java.base/java.util.concurrent=ALL-UNNAMED
21-Sep-2026 10:37:03.217 INFO [main] org.apache.catalina.startup.VersionLoggerListener.log Command line argument: --add-opens=java.rmi/sun.rmi.transport=ALL-UNNAMED
21-Sep-2026 10:37:03.217 INFO [main] org.apache.catalina.startup.VersionLoggerListener.log Command line argument: -Djava.util.logging.config.file=/home/sahil-sepat/Desktop/adj/apache-tomcat-9.0.121/conf/logging.properties
21-Sep-2026 10:37:03.217 INFO [main] org.apache.catalina.startup.VersionLoggerListener.log Command line argument: -Djava.util.logging.manager=org.apache.juli.ClassLoaderLogManager
21-Sep-2026 10:37:03.217 INFO [main] org.apache.catalina.startup.VersionLoggerListener.log Command line argument: -Djdk.tls.ephemeralDHKeySize=2048
21-Sep-2026 10:37:03.217 INFO [main] org.apache.catalina.startup.VersionLoggerListener.log Command line argument: -Djava.protocol.handler.pkgs=org.apache.catalina.webresources
21-Sep-2026 10:37:03.218 INFO [main] org.apache.catalina.startup.VersionLoggerListener.log Command line argument: -Dsun.io.useCanonCaches=false
21-Sep-2026 10:37:03.218 INFO [main] org.apache.catalina.startup.VersionLoggerListener.log Command line argument: -Dorg.apache.catalina.security.SecurityListener.UMASK=0027
21-Sep-2026 10:37:03.218 INFO [main] org.apache.catalina.startup.VersionLoggerListener.log Command line argument: -Dignore.endorsed.dirs=
21-Sep-2026 10:37:03.218 INFO [main] org.apache.catalina.startup.VersionLoggerListener.log Command line argument: -Dcatalina.base=/home/sahil-sepat/Desktop/adj/apache-tomcat-9.0.121
21-Sep-2026 10:37:03.218 INFO [main] org.apache.catalina.startup.VersionLoggerListener.log Command line argument: -Dcatalina.home=/home/sahil-sepat/Desktop/adj/apache-tomcat-9.0.121
21-Sep-2026 10:37:03.218 INFO [main] org.apache.catalina.startup.VersionLoggerListener.log Command line argument: -Djava.io.tmpdir=/home/sahil-sepat/Desktop/adj/apache-tomcat-9.0.121/temp
21-Sep-2026 10:37:03.221 INFO [main] org.apache.catalina.core.AprLifecycleListener.lifecycleEvent The Apache Tomcat Native library which allows using OpenSSL was not found on the java.library.path: [/usr/java/packages/lib:/usr/lib/x86_64-linux-gnu/jni:/lib/x86_64-linux-gnu:/usr/lib/x86_64-linux-gnu:/usr/lib/jni:/lib:/usr/lib]
21-Sep-2026 10:37:03.545 INFO [main] org.apache.coyote.AbstractProtocol.init Initializing ProtocolHandler ["http-nio-8080"]
21-Sep-2026 10:37:03.572 INFO [main] org.apache.catalina.startup.Catalina.load Server initialization in [600] milliseconds
21-Sep-2026 10:37:03.611 INFO [main] org.apache.catalina.core.StandardService.startInternal Starting service [Catalina]
21-Sep-2026 10:37:03.611 INFO [main] org.apache.catalina.core.StandardEngine.startInternal Starting Servlet engine: [Apache Tomcat/9.0.121]
21-Sep-2026 10:37:03.617 INFO [main] org.apache.catalina.startup.HostConfig.deployDirectory Deploying web application directory [/home/sahil-sepat/Desktop/adj/apache-tomcat-9.0.121/webapps/ROOT]
21-Sep-2026 10:37:03.863 INFO [main] org.apache.catalina.startup.HostConfig.deployDirectory Deployment of web application directory [/home/sahil-sepat/Desktop/adj/apache-tomcat-9.0.121/webapps/ROOT] has finished in [243] ms
21-Sep-2026 10:37:03.863 INFO [main] org.apache.catalina.startup.HostConfig.deployDirectory Deploying web application directory [/home/sahil-sepat/Desktop/adj/apache-tomcat-9.0.121/webapps/examples]
21-Sep-2026 10:37:04.059 INFO [main] org.apache.catalina.startup.HostConfig.deployDirectory Deployment of web application directory [/home/sahil-sepat/Desktop/adj/apache-tomcat-9.0.121/webapps/examples] has finished in [196] ms
21-Sep-2026 10:37:04.059 INFO [main] org.apache.catalina.startup.HostConfig.deployDirectory Deploying web application directory [/home/sahil-sepat/Desktop/adj/apache-tomcat-9.0.121/webapps/docs]
21-Sep-2026 10:37:04.072 INFO [main] org.apache.catalina.startup.HostConfig.deployDirectory Deployment of web application directory [/home/sahil-sepat/Desktop/adj/apache-tomcat-9.0.121/webapps/docs] has finished in [12] ms
21-Sep-2026 10:37:04.072 INFO [main] org.apache.catalina.startup.HostConfig.deployDirectory Deploying web application directory [/home/sahil-sepat/Desktop/adj/apache-tomcat-9.0.121/webapps/myWebapp]
21-Sep-2026 10:37:04.090 INFO [main] org.apache.catalina.startup.HostConfig.deployDirectory Deployment of web application directory [/home/sahil-sepat/Desktop/adj/apache-tomcat-9.0.121/webapps/myWebapp] has finished in [18] ms
21-Sep-2026 10:37:04.090 INFO [main] org.apache.catalina.startup.HostConfig.deployDirectory Deploying web application directory [/home/sahil-sepat/Desktop/adj/apache-tomcat-9.0.121/webapps/manager]
21-Sep-2026 10:37:04.107 INFO [main] org.apache.catalina.startup.HostConfig.deployDirectory Deployment of web application directory [/home/sahil-sepat/Desktop/adj/apache-tomcat-9.0.121/webapps/manager] has finished in [17] ms
21-Sep-2026 10:37:04.108 INFO [main] org.apache.catalina.startup.HostConfig.deployDirectory Deploying web application directory [/home/sahil-sepat/Desktop/adj/apache-tomcat-9.0.121/webapps/host-manager]
21-Sep-2026 10:37:04.121 INFO [main] org.apache.catalina.startup.HostConfig.deployDirectory Deployment of web application directory [/home/sahil-sepat/Desktop/adj/apache-tomcat-9.0.121/webapps/host-manager] has finished in [13] ms
21-Sep-2026 10:37:04.124 INFO [main] org.apache.coyote.AbstractProtocol.start Starting ProtocolHandler ["http-nio-8080"]
21-Sep-2026 10:37:04.136 INFO [main] org.apache.catalina.startup.Catalina.start Server startup in [562] milliseconds
